// Jest Snapshot v1, https://goo.gl/fbAQLP

exports[`Calendar Component matches snapshot for default render. 1`] = `
<DocumentFragment>
  <div
    class="calendar-container"
  >
    <div
      class="calendar-header"
    >
      <button>
        Previous
      </button>
      <span>
        August 2025
      </span>
      <button>
        Next
      </button>
    </div>
    <p
      style="color: red;"
    >
      Error: fetch is not defined
    </p>
    <div
      class="calendar-body"
    >
      <div
        class="week-view"
      >
        <div
          data-testid="week-day-column"
        >
          <span>
            Sun Aug 24 2025
          </span>
        </div>
        <div
          data-testid="week-day-column"
        >
          <span>
            Mon Aug 25 2025
          </span>
        </div>
        <div
          data-testid="week-day-column"
        >
          <span>
            Tue Aug 26 2025
          </span>
        </div>
        <div
          data-testid="week-day-column"
        >
          <span>
            Wed Aug 27 2025
          </span>
        </div>
        <div
          data-testid="week-day-column"
        >
          <span>
            Thu Aug 28 2025
          </span>
        </div>
        <div
          data-testid="week-day-column"
        >
          <span>
            Fri Aug 29 2025
          </span>
        </div>
        <div
          data-testid="week-day-column"
        >
          <span>
            Sat Aug 30 2025
          </span>
        </div>
      </div>
    </div>
  </div>
</DocumentFragment>
`;
