// Jest Snapshot v1, https://goo.gl/fbAQLP

exports[`EventCard Component matches snapshot. 1`] = `
<DocumentFragment>
  <article
    aria-labelledby="event-card-title"
    class="event-card"
    tabindex="0"
  >
    <header
      class="event-card-header"
    >
      <h3
        class="event-card-title"
        id="event-card-title"
      >
        Sample Event
      </h3>
      <div
        class="event-card-meta"
      >
        <time
          class="event-date"
        >
          Sunday, January 19, 2025
        </time>
        <span
          class="event-time"
        >
          • 03:00 PM - 05:00 PM
        </span>
      </div>
    </header>
    <section
      class="event-card-description"
    >
      This is a test description for the event.
    </section>
  </article>
</DocumentFragment>
`;
